client/src/pages/MealPlanDetail.tsx(321,7): error TS2769: No overload matches this call.
  Overload 1 of 2, '(input: { planId: number; } | typeof skipToken, opts: DefinedUseTRPCQueryOptions<{ days: { id: number; createdAt: Date; updatedAt: Date; meals: unknown; nutritionInfo: unknown; status: "pending" | "approved" | "replaced"; ... 4 more ...; approvedAt: Date | null; }[]; ... 12 more ...; confirmedAt: Date | null; }, { ...; }, TRPCClientErrorLike<...>, { ...; }>): DefinedUseTRPCQueryResult<...>', gave the following error.
    Object literal may only specify known properties, and 'id' does not exist in type '{ planId: number; }'.
  Overload 2 of 2, '(input: { planId: number; } | typeof skipToken, opts?: UseTRPCQueryOptions<{ days: { id: number; createdAt: Date; updatedAt: Date; meals: unknown; nutritionInfo: unknown; status: "pending" | "approved" | "replaced"; ... 4 more ...; approvedAt: Date | null; }[]; ... 12 more ...; confirmedAt: Date | null; }, { ...; }, TRPCClientErrorLike<...>, { ...; }> | undefined): UseTRPCQueryResult<...>', gave the following error.
    Object literal may only specify known properties, and 'id' does not exist in type '{ planId: number; }'.
client/src/pages/MealPlanDetail.tsx(365,32): error TS2339: Property 'meals' does not exist on type '{ success: boolean; }'.
client/src/pages/MealPlanDetail.tsx(366,40): error TS2339: Property 'nutritionInfo' does not exist on type '{ success: boolean; }'.
client/src/pages/MealPlanDetail.tsx(385,43): error TS2353: Object literal may only specify known properties, and 'id' does not exist in type '{ planId?: number | undefined; }'.
client/src/pages/MealPlanDetail.tsx(393,19): error TS2339: Property 'downloadUrl' does not exist on type '{ url: string; fileName: string; }'.
client/src/pages/MealPlanDetail.tsx(397,29): error TS2339: Property 'plan' does not exist on type '{ days: { id: number; createdAt: Date; updatedAt: Date; meals: unknown; nutritionInfo: unknown; status: "pending" | "approved" | "replaced"; mealPlanId: number; dayOfMonth: number; candidates: unknown; selectedCandidateIndex: number; approvedAt: Date | null; }[]; ... 12 more ...; confirmedAt: Date | null; }'.
client/src/pages/MealPlanDetail.tsx(397,49): error TS2339: Property 'plan' does not exist on type '{ days: { id: number; createdAt: Date; updatedAt: Date; meals: unknown; nutritionInfo: unknown; status: "pending" | "approved" | "replaced"; mealPlanId: number; dayOfMonth: number; candidates: unknown; selectedCandidateIndex: number; approvedAt: Date | null; }[]; ... 12 more ...; confirmedAt: Date | null; }'.
client/src/pages/MealPlanDetail.tsx(412,45): error TS2353: Object literal may only specify known properties, and 'dayOfMonth' does not exist in type '{ dayId: number; planId: number; candidateIndex: number; meals: any; nutritionInfo: any; }'.
client/src/pages/MealPlanDetail.tsx(427,29): error TS2339: Property 'plan' does not exist on type '{ days: { id: number; createdAt: Date; updatedAt: Date; meals: unknown; nutritionInfo: unknown; status: "pending" | "approved" | "replaced"; mealPlanId: number; dayOfMonth: number; candidates: unknown; selectedCandidateIndex: number; approvedAt: Date | null; }[]; ... 12 more ...; confirmedAt: Date | null; }'.
client/src/pages/MealPlanDetail.tsx(435,16): error TS2339: Property 'plan' does not exist on type '{ days: { id: number; createdAt: Date; updatedAt: Date; meals: unknown; nutritionInfo: unknown; status: "pending" | "approved" | "replaced"; mealPlanId: number; dayOfMonth: number; candidates: unknown; selectedCandidateIndex: number; approvedAt: Date | null; }[]; ... 12 more ...; confirmedAt: Date | null; }'.
client/src/pages/MealPlanDetail.tsx(437,23): error TS2339: Property 'plan' does not exist on type '{ days: { id: number; createdAt: Date; updatedAt: Date; meals: unknown; nutritionInfo: unknown; status: "pending" | "approved" | "replaced"; mealPlanId: number; dayOfMonth: number; candidates: unknown; selectedCandidateIndex: number; approvedAt: Date | null; }[]; ... 12 more ...; confirmedAt: Date | null; }'.
client/src/pages/MealPlanDetail.tsx(438,24): error TS2339: Property 'plan' does not exist on type '{ days: { id: number; createdAt: Date; updatedAt: Date; meals: unknown; nutritionInfo: unknown; status: "pending" | "approved" | "replaced"; mealPlanId: number; dayOfMonth: number; candidates: unknown; selectedCandidateIndex: number; approvedAt: Date | null; }[]; ... 12 more ...; confirmedAt: Date | null; }'.
client/src/pages/MealPlanDetail.tsx(456,13): error TS2339: Property 'plan' does not exist on type '{ days: { id: number; createdAt: Date; updatedAt: Date; meals: unknown; nutritionInfo: unknown; status: "pending" | "approved" | "replaced"; mealPlanId: number; dayOfMonth: number; candidates: unknown; selectedCandidateIndex: number; approvedAt: Date | null; }[]; ... 12 more ...; confirmedAt: Date | null; }'.
client/src/pages/MealPlanDetail.tsx(476,26): error TS2339: Property 'plan' does not exist on type '{ days: { id: number; createdAt: Date; updatedAt: Date; meals: unknown; nutritionInfo: unknown; status: "pending" | "approved" | "replaced"; mealPlanId: number; dayOfMonth: number; candidates: unknown; selectedCandidateIndex: number; approvedAt: Date | null; }[]; ... 12 more ...; confirmedAt: Date | null; }'.
client/src/pages/MealPlanDetail.tsx(476,49): error TS2339: Property 'plan' does not exist on type '{ days: { id: number; createdAt: Date; updatedAt: Date; meals: unknown; nutritionInfo: unknown; status: "pending" | "approved" | "replaced"; mealPlanId: number; dayOfMonth: number; candidates: unknown; selectedCandidateIndex: number; approvedAt: Date | null; }[]; ... 12 more ...; confirmedAt: Date | null; }'.
client/src/pages/MealPlanDetail.tsx(476,69): error TS2339: Property 'plan' does not exist on type '{ days: { id: number; createdAt: Date; updatedAt: Date; meals: unknown; nutritionInfo: unknown; status: "pending" | "approved" | "replaced"; mealPlanId: number; dayOfMonth: number; candidates: unknown; selectedCandidateIndex: number; approvedAt: Date | null; }[]; ... 12 more ...; confirmedAt: Date | null; }'.
client/src/pages/MyPage.tsx(62,24): error TS2551: Property 'workplace_category' does not exist on type '{ name: string | null; id: number; openId: string; email: string | null; loginMethod: string | null; workplaceCategory: string | null; role: "user" | "admin"; plan: "free" | "pro"; createdAt: Date; updatedAt: Date; lastSignedIn: Date; }'. Did you mean 'workplaceCategory'?
client/src/pages/MyPage.tsx(67,37): error TS2339: Property 'subscription_plan' does not exist on type '{ name: string | null; id: number; openId: string; email: string | null; loginMethod: string | null; workplaceCategory: string | null; role: "user" | "admin"; plan: "free" | "pro"; createdAt: Date; updatedAt: Date; lastSignedIn: Date; }'.
client/src/pages/MyPage.tsx(68,24): error TS2339: Property 'subscription_plan' does not exist on type '{ name: string | null; id: number; openId: string; email: string | null; loginMethod: string | null; workplaceCategory: string | null; role: "user" | "admin"; plan: "free" | "pro"; createdAt: Date; updatedAt: Date; lastSignedIn: Date; }'.
client/src/pages/MyPage.tsx(149,75): error TS2551: Property 'created_at' does not exist on type '{ id: number; createdAt: Date; updatedAt: Date; title: string | null; year: number; month: number; sourceFileId: number | null; userId: number; status: "draft" | "confirmed"; requestPrompt: string | null; exportFileKey: string | null; exportFileUrl: string | null; confirmedAt: Date | null; }'. Did you mean 'createdAt'?
client/src/pages/MyPage.tsx(152,25): error TS2551: Property 'request_prompt' does not exist on type '{ id: number; createdAt: Date; updatedAt: Date; title: string | null; year: number; month: number; sourceFileId: number | null; userId: number; status: "draft" | "confirmed"; requestPrompt: string | null; exportFileKey: string | null; exportFileUrl: string | null; confirmedAt: Date | null; }'. Did you mean 'requestPrompt'?
client/src/pages/MyPage.tsx(153,83): error TS2551: Property 'request_prompt' does not exist on type '{ id: number; createdAt: Date; updatedAt: Date; title: string | null; year: number; month: number; sourceFileId: number | null; userId: number; status: "draft" | "confirmed"; requestPrompt: string | null; exportFileKey: string | null; exportFileUrl: string | null; confirmedAt: Date | null; }'. Did you mean 'requestPrompt'?
client/src/pages/Notifications.tsx(107,66): error TS2353: Object literal may only specify known properties, and 'id' does not exist in type '{ notificationId: number; }'.
client/src/pages/Subscription.tsx(29,45): error TS2339: Property 'getSubscription' does not exist on type 'DecorateRouterRecord<{ ctx: TrpcContext; meta: object; errorShape: DefaultErrorShape; transformer: true; }, DecorateCreateRouterOptions<{ createOrder: MutationProcedure<{ input: { planType: "free" | "pro"; amount: number; }; output: { ...; }; meta: object; }>; confirmPayment: MutationProcedure<...>; failPayment: Mut...'.
client/src/pages/Subscription.tsx(71,15): error TS2339: Property 'PortOne' does not exist on type 'typeof import("/Users/taehyungkim/dev/project/nutri-plan/node_modules/.pnpm/@portone+browser-sdk@0.1.3/node_modules/@portone/browser-sdk/dist/v2/index")'.
server/routers.ts(283,13): error TS2554: Expected 2 arguments, but got 1.
server/routers.ts(322,9): error TS2322: Type 'number' is not assignable to type 'string'.
